* Creating isolated environment: venv+pip...
* Installing packages in isolated environment:
  - hatchling>=1.25
> /private/var/folders/hf/21twzwpx5nlfl3x1wm4mng500000gn/T/build-env-
  knj2awl4/bin/python -Im pip install --ignore-installed --use-pep517 --no-
  warn-script-location --no-compile --no-input -r
  /var/folders/hf/21twzwpx5nlfl3x1wm4mng500000gn/T/build-
  requirements-l62sa2pf.txt
< WARNING: The directory '/Users/ludko/Library/Caches/pip' or its parent
  directory is not owned or is not writable by the current user. The cache has
  been disabled. Check the permissions and owner of that directory. If
  executing pip with sudo, you should use sudo's -H flag.
< WARNING: Retrying (Retry(total=4, connect=None, read=None, redirect=None,
  status=None)) after connection broken by
  'NameResolutionError("HTTPSConnection(host='pypi.org', port=443): Failed to
  resolve 'pypi.org' ([Errno 8] nodename nor servname provided, or not
  known)")': /simple/hatchling/
< WARNING: Retrying (Retry(total=3, connect=None, read=None, redirect=None,
  status=None)) after connection broken by
  'NameResolutionError("HTTPSConnection(host='pypi.org', port=443): Failed to
  resolve 'pypi.org' ([Errno 8] nodename nor servname provided, or not
  known)")': /simple/hatchling/
< WARNING: Retrying (Retry(total=2, connect=None, read=None, redirect=None,
  status=None)) after connection broken by
  'NameResolutionError("HTTPSConnection(host='pypi.org', port=443): Failed to
  resolve 'pypi.org' ([Errno 8] nodename nor servname provided, or not
  known)")': /simple/hatchling/
< WARNING: Retrying (Retry(total=1, connect=None, read=None, redirect=None,
  status=None)) after connection broken by
  'NameResolutionError("HTTPSConnection(host='pypi.org', port=443): Failed to
  resolve 'pypi.org' ([Errno 8] nodename nor servname provided, or not
  known)")': /simple/hatchling/
< WARNING: Retrying (Retry(total=0, connect=None, read=None, redirect=None,
  status=None)) after connection broken by
  'NameResolutionError("HTTPSConnection(host='pypi.org', port=443): Failed to
  resolve 'pypi.org' ([Errno 8] nodename nor servname provided, or not
  known)")': /simple/hatchling/
< ERROR: Could not find a version that satisfies the requirement
  hatchling>=1.25 (from versions: none)
< ERROR: No matching distribution found for hatchling>=1.25

Traceback (most recent call last):
  File "/Users/ludko/Desktop/text2layout/Text-to-Layout/.venv/lib/python3.12/site-packages/build/__main__.py", line 286, in _handle_build_error
    yield
  File "/Users/ludko/Desktop/text2layout/Text-to-Layout/.venv/lib/python3.12/site-packages/build/__main__.py", line 754, in main
    built = run_build(args.srcdir, outdir)
            ^^^^^^^^^^^^^^^^^^^^^^^^^^^^^^
  File "/Users/ludko/Desktop/text2layout/Text-to-Layout/.venv/lib/python3.12/site-packages/build/__main__.py", line 404, in build_package_via_sdist
    sdist = _build(
            ^^^^^^^
  File "/Users/ludko/Desktop/text2layout/Text-to-Layout/.venv/lib/python3.12/site-packages/build/__main__.py", line 269, in _build
    with _bootstrap_build_env(
         ^^^^^^^^^^^^^^^^^^^^^
  File "/opt/homebrew/Cellar/python@3.12/3.12.14/Frameworks/Python.framework/Versions/3.12/lib/python3.12/contextlib.py", line 137, in __enter__
    return next(self.gen)
           ^^^^^^^^^^^^^^
  File "/Users/ludko/Desktop/text2layout/Text-to-Layout/.venv/lib/python3.12/site-packages/build/__main__.py", line 230, in _bootstrap_build_env
    install(builder.build_system_requires, _fresh=True)
  File "/Users/ludko/Desktop/text2layout/Text-to-Layout/.venv/lib/python3.12/site-packages/build/env.py", line 228, in install
    self._env_backend.install_dependencies(requirements, constraints, _fresh=_fresh)
  File "/Users/ludko/Desktop/text2layout/Text-to-Layout/.venv/lib/python3.12/site-packages/build/env.py", line 430, in install_dependencies
    run_subprocess(cmd, env=_pip_env())
  File "/Users/ludko/Desktop/text2layout/Text-to-Layout/.venv/lib/python3.12/site-packages/build/_ctx.py", line 69, in run_subprocess
    subprocess.run(cmd, capture_output=True, check=True, cwd=cwd, env=env)  # noqa: S603
    ^^^^^^^^^^^^^^^^^^^^^^^^^^^^^^^^^^^^^^^^^^^^^^^^^^^^^^^^^^^^^^^^^^^^^^
  File "/opt/homebrew/Cellar/python@3.12/3.12.14/Frameworks/Python.framework/Versions/3.12/lib/python3.12/subprocess.py", line 571, in run
    raise CalledProcessError(retcode, process.args,
subprocess.CalledProcessError: Command '['/private/var/folders/hf/21twzwpx5nlfl3x1wm4mng500000gn/T/build-env-knj2awl4/bin/python', '-Im', 'pip', 'install', '--ignore-installed', '--use-pep517', '--no-warn-script-location', '--no-compile', '--no-input', '-r', '/var/folders/hf/21twzwpx5nlfl3x1wm4mng500000gn/T/build-requirements-l62sa2pf.txt']' returned non-zero exit status 1.

ERROR Command '['/private/var/folders/hf/21twzwpx5nlfl3x1wm4mng500000gn/T/build-env-knj2awl4/bin/python', '-Im', 'pip', 'install', '--ignore-installed', '--use-pep517', '--no-warn-script-location', '--no-compile', '--no-input', '-r', '/var/folders/hf/21twzwpx5nlfl3x1wm4mng500000gn/T/build-requirements-l62sa2pf.txt']' returned non-zero exit status 1.
