Using Python 3.12.14 environment at: /private/tmp/textlayout-sqcircuit-100
Resolved 41 packages in 2.33s
Downloading sympy (6.0MiB)
Downloading qutip (9.7MiB)
Downloading fonttools (3.0MiB)
Downloading jedi (4.7MiB)
Downloading networkx (2.0MiB)
Downloading pygments (1.2MiB)
Downloading matplotlib (8.9MiB)
Downloading pillow (4.6MiB)
Downloading scipy (19.5MiB)
Downloading torch (121.4MiB)
Downloading numpy (5.2MiB)
 Downloaded pygments
 Downloaded networkx
 Downloaded fonttools
 Downloaded pillow
 Downloaded jedi
 Downloaded numpy
 Downloaded sympy
 Downloaded matplotlib
 Downloaded qutip
 Downloaded scipy
 Downloaded torch
Prepared 40 packages in 54.41s
Installed 41 packages in 313ms
 + asttokens==3.0.2
 + contourpy==1.4.0
 + cycler==0.12.1
 + dill==0.4.1
 + executing==2.2.1
 + filelock==4.1.0
 + fonttools==4.66.1
 + fsspec==2026.9.0
 + ipython==9.17.1
 + ipython-pygments-lexers==1.1.1
 + jedi==0.20.0
 + jinja2==3.1.6
 + kiwisolver==1.5.1
 + markupsafe==3.0.4
 + matplotlib==3.11.2
 + matplotlib-inline==0.2.2
 + mpmath==1.4.1
 + networkx==3.7
 + numpy==2.5.3
 + packaging==26.3
 + parso==0.8.7
 + pexpect==4.9.0
 + pillow==12.3.0
 + prompt-toolkit==3.0.53
 + psutil==7.2.2
 + ptyprocess==0.7.0
 + pure-eval==0.2.4
 + pygments==2.21.0
 + pyparsing==3.3.3
 + python-dateutil==2.9.0.post0
 + qutip==5.3.1
 + scipy==1.18.1
 + setuptools==84.0.0
 + six==1.17.0
 + sqcircuit==1.0.0
 + stack-data==0.6.3
 + sympy==1.14.0rc1
 + torch==2.14.1
 + traitlets==5.16.1
 + typing-extensions==4.16.0
 + wcwidth==0.9.2
